// Vitest Snapshot v1, https://vitest.dev/guide/snapshot.html

exports[`AppHeader component > should render correctly 1`] = `
<header
  class="flex w-full items-center justify-between px-2 py-4 md:px-6"
>
  <x-link-stub
    class="w-full uppercase"
    href=""
    to="/"
  >
    Shop
  </x-link-stub>
  <x-link-stub
    class="flex w-full justify-center !no-underline"
    href=""
    to="/"
  >
    <h1
      class="font-serif text-xl font-semibold md:text-4xl"
    >
      T-Shirt Shop
    </h1>
  </x-link-stub>
  <x-link-stub
    class="flex w-full cursor-pointer items-center justify-end gap-2"
    href=""
    to="/basket"
  >
    <span
      class="uppercase text-black hover:underline"
    >
      Basket
    </span>
    <div
      class="flex h-6 w-6 items-center justify-center rounded-full text-white bg-black"
      data-testid="basket-count"
    >
      0
    </div>
  </x-link-stub>
</header>
`;
